#3.CMS垃圾回收分析
##3.1小内存
- -Xms128M -Xmx128M 
###日志
>>>
 2020-10-28T23:53:54.624+0800: [GC (Allocation Failure) 2020-10-28T23:53:54.624+0800: [ParNew: 39070K->4352K(39296K), 0.0080141 secs] 79268K->56587K(126720K), 0.0080610 secs] [Times: user=0.00 sys=0.00, real=0.01 secs]
 2020-10-28T23:53:54.632+0800: [GC (CMS Initial Mark) [1 CMS-initial-mark: 52235K(87424K)] 57211K(126720K), 0.0002168 secs] [Times: user=0.00 sys=0.00, real=0.00 secs]
 2020-10-28T23:53:54.633+0800: [CMS-concurrent-mark-start]
 2020-10-28T23:53:54.635+0800: [CMS-concurrent-mark: 0.002/0.002 secs] [Times: user=0.00 sys=0.00, real=0.00 secs]
 2020-10-28T23:53:54.635+0800: [CMS-concurrent-preclean-start]
 2020-10-28T23:53:54.635+0800: [CMS-concurrent-preclean: 0.000/0.000 secs] [Times: user=0.00 sys=0.00, real=0.00 secs]
 2020-10-28T23:53:54.635+0800: [CMS-concurrent-abortable-preclean-start]
 2020-10-28T23:53:54.640+0800: [GC (Allocation Failure) 2020-10-28T23:53:54.640+0800: [ParNew: 39179K->4348K(39296K), 0.0060052 secs] 91415K->66497K(126720K), 0.0060595 secs] [Times: user=0.00 sys=0.00, real=0.01 secs]
 2020-10-28T23:53:54.652+0800: [GC (Allocation Failure) 2020-10-28T23:53:54.652+0800: [ParNew: 39127K->4332K(39296K), 0.0078088 secs] 101277K->78777K(126720K), 0.0078534 secs] [Times: user=0.00 sys=0.00, real=0.01 secs]
 2020-10-28T23:53:54.667+0800: [GC (Allocation Failure) 2020-10-28T23:53:54.667+0800: [ParNew: 39276K->39276K(39296K), 0.0000509 secs]2020-10-28T23:53:54.667+0800: [CMS2020-10-28T23:53:54.667+0800: [CMS-concurrent-abortable-preclean: 0.001/0.031 secs] [Times: user=0.05 sys=0.00, real=0.03 secs]
  (concurrent mode failure): 74444K->79789K(87424K), 0.0158735 secs] 113721K->79789K(126720K), [Metaspace: 3295K->3295K(1056768K)], 0.0160021 secs] [Times: user=0.03 sys=0.00, real=0.02 secs]
 2020-10-28T23:53:54.689+0800: [GC (Allocation Failure) 2020-10-28T23:53:54.689+0800: [ParNew: 34637K->34637K(39296K), 0.0000342 secs]2020-10-28T23:53:54.689+0800: [CMS: 79789K->87241K(87424K), 0.0181484 secs] 114426K->87241K(126720K), [Metaspace: 3295K->3295K(1056768K)], 0.0182603 secs] [Times: user=0.02 sys=0.00, real=0.02 secs]
 2020-10-28T23:53:54.707+0800: [GC (CMS Initial Mark) [1 CMS-initial-mark: 87241K(87424K)] 87807K(126720K), 0.0001841 secs] [Times: user=0.00 sys=0.00, real=0.00 secs]
 2020-10-28T23:53:54.707+0800: [CMS-concurrent-mark-start]
 2020-10-28T23:53:54.709+0800: [CMS-concurrent-mark: 0.001/0.001 secs] [Times: user=0.00 sys=0.00, real=0.00 secs]
 2020-10-28T23:53:54.709+0800: [CMS-concurrent-preclean-start]
 2020-10-28T23:53:54.709+0800: [CMS-concurrent-preclean: 0.000/0.000 secs] [Times: user=0.00 sys=0.00, real=0.00 secs]
 2020-10-28T23:53:54.709+0800: [CMS-concurrent-abortable-preclean-start]
 2020-10-28T23:53:54.709+0800: [CMS-concurrent-abortable-preclean: 0.000/0.000 secs] [Times: user=0.00 sys=0.00, real=0.00 secs]
 2020-10-28T23:53:54.709+0800: [GC (CMS Final Remark) [YG occupancy: 9364 K (39296 K)]2020-10-28T23:53:54.709+0800: [Rescan (parallel) , 0.0002260 secs]2020-10-28T23:53:54.709+0800: [weak refs processing, 0.0000354 secs]2020-10-28T23:53:54.709+0800: [class unloading, 0.0002620 secs]2020-10-28T23:53:54.710+0800: [scrub symbol table, 0.0003769 secs]2020-10-28T23:53:54.710+0800: [scrub string table, 0.0001371 secs][1 CMS-remark: 87241K(87424K)] 96605K(126720K), 0.0011283 secs] [Times: user=0.00 sys=0.00, real=0.00 secs]
 2020-10-28T23:53:54.710+0800: [CMS-concurrent-sweep-start]
 2020-10-28T23:53:54.711+0800: [CMS-concurrent-sweep: 0.000/0.000 secs] [Times: user=0.00 sys=0.00, real=0.00 secs]
 2020-10-28T23:53:54.711+0800: [CMS-concurrent-reset-start]
###分析
+ GC (CMS Initial Mark)   初始标记，STW,0.0002168 secs
+ CMS-concurrent-mark:    并发标记，花费时间0
+ CMS-concurrent-abortable-preclean-start 并发可中止的预清理阶段,
+ concurrent mode failure
+ GC (CMS Final Remark)